creating private GitHub repo "snippet-vault" with an initial README...
https://github.com/rvegajr/snippet-vault
created https://github.com/rvegajr/snippet-vault
NOTE: the Cursor GitHub app must have access to this repo (cursor.com/agents -> GitHub settings).

agent: bc-ea005c5a-d806-48d6-a791-45b85af0c301
repo:  https://github.com/rvegajr/snippet-vault@main
state: /Users/admin/Dev/YOLOProjects/cloud-agents/.runs/build-bc-ea005c5a-d806-48d6-a791-45b85af0c301.json

======================================================================
phase: spec
======================================================================

run: run-bc5b49ab-5f87-4f31-80a4-bedbf3e9dc1b
[status] RUNNING
Checking the repository state, then drafting `SPEC.md` and `ROADMAP.md` for Snippet Vault.

[tool] file_search running
[tool] run_terminal_cmd running  cd /workspace && git status && git remote -v 2>/dev/null; ls -la
[tool] file_search running
[tool] file_search completed
[tool] run_terminal_cmd completed  cd /workspace && git status && git remote -v 2>/dev/null; ls -la
[tool] read_file running
[tool] read_file running  /workspace/README.md
[tool] read_file completed  /workspace/README.md
Repository is empty except for a README. Creating `SPEC.md` and `ROADMAP.md` with stack decisions and milestones.

[tool] edit_file running
[tool] edit_file running
[tool] edit_file running  /workspace/SPEC.md
[tool] edit_file running  /workspace/ROADMAP.md
[tool] edit_file running  /workspace/ROADMAP.md
[tool] edit_file running  /workspace/SPEC.md
[tool] edit_file completed  /workspace/ROADMAP.md
[tool] edit_file completed  /workspace/SPEC.md
[tool] run_terminal_cmd running  cd /workspace && git add SPEC.md ROADMAP.md && git commit -m "docs: add SPEC....
[tool] run_terminal_cmd completed  cd /workspace && git add SPEC.md ROADMAP.md && git commit -m "docs: add SPEC....
[tool] run_terminal_cmd running  cd /workspace && git push -u origin main
[tool] run_terminal_cmd completed  cd /workspace && git push -u origin main
Phase 1 specification is complete. The repository contained only a minimal README, so I wrote the two foundation documents from scratch and committed them to `main`.

**SPEC.md** defines Snippet Vault as a local-first, single-user snippet manager: seven prioritized user flows, explicit v1 non-goals (no auth, cloud sync, syntax highlighting, gist import, etc.), and a lean stack chosen for speed and testability — **TypeScript + Fastify + better-sqlite3 (FTS5) + esbuild-bundled vanilla client + Vitest**. Architecture covers directory layout, module boundaries, API contract, and a fixed quality bar (`lint`, `typecheck`, `test`, `build`, `dev`).

**ROADMAP.md** defines six milestones: M1 walking skeleton through M6 polish/release readiness. Each has checkable acceptance criteria tied to commands or URLs. M1 is scaffold-only; snippet features start at M2.

```json
{
  "stack": "Node.js 20+ / TypeScript / Fastify / better-sqlite3 (FTS5) / vanilla TS client (esbuild) / Vitest",
  "milestones": [
    { "id": "M1", "title": "Walking skeleton" },
    { "id": "M2", "title": "SQLite schema and snippet CRUD API" },
    { "id": "M3", "title": "Full-text search API" },
    { "id": "M4", "title": "Snippet list and create/edit UI" },
    { "id": "M5", "title": "Live search and copy-to-clipboard" },
    { "id": "M6", "title": "Polish and release readiness" }
  ],
  "open_questions_decided": [
    "Frontend: vanilla TypeScript bundled with esbuild (no React/Vue) to keep dependencies minimal per operator constraint",
    "Search engine: SQLite FTS5 with triggers (not LIKE queries) for instant as-you-type results",
    "Snippet IDs: UUID v4 generated server-side",
    "Tags storage: JSON array in SQLite column; comma-separated input in UI; flattened into FTS index",
    "Database path: ./data/snippets.db (gitignored, created on first run)",
    "Default port: 3000 (configurable via PORT env var)",
    "Delete UX: browser confirm dialog before permanent removal",
    "API validation: Fastify JSON Schema at route layer; 400/404/500 error shapes defined in SPEC"
  ]
}
```
[status] FINISHED

======================================================================
spec: 6 milestones on Node.js 20+ / TypeScript / Fastify / better-sqlite3 (FTS5) / vanilla TS client (esbuild) / Vitest
======================================================================


======================================================================
iteration 1/8
======================================================================

run: run-e690fa91-cbe9-46d8-ad76-f0fc858eeddf
[status] CREATING
[status] RUNNING
[status] RUNNING
Reading project state from disk, then implementing the first incomplete milestone.

[tool] read_file running
[tool] read_file running
[tool] run_terminal_cmd running  cd /workspace && git log --oneline -20 && echo "---" && git status
[tool] read_file running  /workspace/ROADMAP.md
[tool] read_file running  /workspace/SPEC.md
[tool] read_file completed  /workspace/ROADMAP.md
[tool] read_file completed  /workspace/SPEC.md
[tool] run_terminal_cmd completed  cd /workspace && git log --oneline -20 && echo "---" && git status
Working on M1: Walking skeleton — marking it in progress, then scaffolding the project.

[tool] edit_file running
[tool] run_terminal_cmd running  cd /workspace && git checkout -b cursor/m1-walking-skeleton-c301
[tool] edit_file running  /workspace/ROADMAP.md
[tool] edit_file running  /workspace/ROADMAP.md
[tool] run_terminal_cmd completed  cd /workspace && git checkout -b cursor/m1-walking-skeleton-c301
[tool] edit_file completed  /workspace/ROADMAP.md
[tool] edit_file running
[tool] edit_file running
[tool] edit_file running
[tool] edit_file running
[tool] edit_file running
[tool] run_terminal_cmd running  cd /workspace && git add ROADMAP.md && git commit -m "chore(M1): mark walking...
[tool] edit_file running  /workspace/.gitignore
[tool] edit_file running  /workspace/package.json
[tool] edit_file running  /workspace/tsconfig.json
[tool] edit_file running  /workspace/vitest.config.ts
[tool] edit_file running  /workspace/eslint.config.js
[tool] edit_file running  /workspace/.gitignore
[tool] edit_file running  /workspace/package.json
[tool] edit_file running  /workspace/tsconfig.json
[tool] edit_file running  /workspace/vitest.config.ts
[tool] edit_file running  /workspace/eslint.config.js
[tool] edit_file completed  /workspace/eslint.config.js
[tool] edit_file completed  /workspace/package.json
[tool] edit_file completed  /workspace/tsconfig.json
[tool] edit_file completed  /workspace/vitest.config.ts
[tool] edit_file completed  /workspace/.gitignore
[tool] run_terminal_cmd completed  cd /workspace && git add ROADMAP.md && git commit -m "chore(M1): mark walking...
[tool] edit_file running
[tool] edit_file running
[tool] edit_file running
[tool] edit_file running
[tool] edit_file running
[tool] edit_file running
[tool] edit_file running
[tool] edit_file running
[tool] edit_file running  /workspace/src/server/app.ts
[tool] edit_file running  /workspace/src/server/db/init.ts
[tool] edit_file running  /workspace/src/server/index.ts
[tool] edit_file running  /workspace/src/client/index.html
[tool] edit_file running  /workspace/src/client/main.ts
[tool] edit_file running  /workspace/src/client/styles.css
[tool] edit_file running  /workspace/tests/api/health.test.ts
[tool] edit_file running  /workspace/README.md
[tool] edit_file running  /workspace/src/server/app.ts
[tool] edit_file running  /workspace/src/server/db/init.ts
[tool] edit_file running  /workspace/src/server/index.ts
[tool] edit_file running  /workspace/src/client/index.html
[tool] edit_file running  /workspace/src/client/main.ts
[tool] edit_file running  /workspace/src/client/styles.css
[tool] edit_file running  /workspace/tests/api/health.test.ts
[tool] edit_file running  /workspace/README.md
[tool] edit_file completed  /workspace/README.md
[tool] edit_file completed  /workspace/tests/api/health.test.ts
[tool] edit_file completed  /workspace/src/client/index.html
[tool] edit_file completed  /workspace/src/server/db/init.ts
[tool] edit_file completed  /workspace/src/client/styles.css
[tool] edit_file completed  /workspace/src/client/main.ts
[tool] edit_file completed  /workspace/src/server/index.ts
[tool] edit_file completed  /workspace/src/server/app.ts
[tool] run_terminal_cmd running  cd /workspace && npm install
[tool] run_terminal_cmd completed  cd /workspace && npm install
[tool] run_terminal_cmd running  cd /workspace && npm run lint && npm run typecheck && npm test && npm run build
[tool] run_terminal_cmd completed  cd /workspace && npm run lint && npm run typecheck && npm test && npm run build
[tool] run_terminal_cmd running  cd /workspace && SESSION_NAME="snippet-vault-dev"; tmux -f /exec-daemon/tmux....
[tool] run_terminal_cmd completed  cd /workspace && SESSION_NAME="snippet-vault-dev"; tmux -f /exec-daemon/tmux....
[tool] read_file running
[tool] run_terminal_cmd running  cd /workspace && node dist/server/index.js 2>&1 & sleep 2 curl -s -o /dev/nul...
[tool] read_file running  /workspace/dist/server/app.js
[tool] read_file completed  /workspace/dist/server/app.js
[tool] run_terminal_cmd completed  cd /workspace && node dist/server/index.js 2>&1 & sleep 2 curl -s -o /dev/nul...
Fixing the server build: `db/init.ts` wasn't compiled into `dist/`.

[tool] edit_file running
[tool] edit_file running  /workspace/package.json
[tool] edit_file running  /workspace/package.json
[tool] edit_file completed  /workspace/package.json
[tool] run_terminal_cmd running  cd /workspace && npm run build && node dist/server/index.js & sleep 2 curl -s...
[tool] run_terminal_cmd completed  cd /workspace && npm run build && node dist/server/index.js & sleep 2 curl -s...
[tool] run_terminal_cmd running  cd /workspace && ls -la data/ dist/ dist/client/ dist/server/ 2>&1
[tool] run_terminal_cmd running  cd /workspace && npm run lint && npm run typecheck && npm test && npm run build
[tool] run_terminal_cmd completed  cd /workspace && ls -la data/ dist/ dist/client/ dist/server/ 2>&1
[tool] run_terminal_cmd completed  cd /workspace && npm run lint && npm run typecheck && npm test && npm run build
[tool] edit_file running
[tool] edit_file running
[tool] edit_file running  /workspace/package.json
[tool] edit_file running  /workspace/ROADMAP.md
[tool] edit_file running  /workspace/package.json
[tool] edit_file running  /workspace/ROADMAP.md
[tool] edit_file completed  /workspace/ROADMAP.md
[tool] edit_file completed  /workspace/package.json
[tool] run_terminal_cmd running  cd /workspace && git status && git add -A && git status
[tool] run_terminal_cmd completed  cd /workspace && git status && git add -A && git status
[tool] run_terminal_cmd running  cd /workspace && git commit -m "feat(M1): walking skeleton with Fastify, Vite...
[tool] run_terminal_cmd completed  cd /workspace && git commit -m "feat(M1): walking skeleton with Fastify, Vite...
[tool] pr_management running
[tool] run_terminal_cmd running  cd /workspace && git push -u origin cursor/m1-walking-skeleton-c301 && git st...
[tool] run_terminal_cmd completed  cd /workspace && git push -u origin cursor/m1-walking-skeleton-c301 && git st...
M1 (Walking skeleton) is complete. The project now has a full TypeScript toolchain — Fastify server, esbuild bundling, Vitest tests, ESLint, and a placeholder UI — with all quality-bar commands passing.

What was built:
- **Server**: Fastify serves static files from `dist/client`; `data/` is created on startup (SQLite deferred to M2)
- **Client**: Placeholder page with "Snippet Vault — coming soon"
- **Tests**: `GET /` returns 200 via Fastify `inject()`
- **Tooling**: `lint`, `typecheck`, `test`, `build`, `dev` scripts all green

One build deviation: the server entry is bundled into a single `dist/server/index.js` to avoid missing-module errors for `db/init.ts`.

```json
{
  "milestone_id": "M1",
  "milestone_title": "Walking skeleton",
  "completed": true,
  "remaining": 5,
  "blocked": false,
  "blocked_reason": null,
  "verification": [
    { "command": "npm install", "passed": true },
    { "command": "npm run lint", "passed": true },
    { "command": "npm run typecheck", "passed": true },
    { "command": "npm test", "passed": true },
    { "command": "npm run build", "passed": true },
    { "command": "npm run dev (GET http://localhost:3000/)", "passed": true }
  ],
  "commits": [
    "chore(M1): mark walking skeleton in progress",
    "feat(M1): walking skeleton with Fastify, Vitest, and esbuild"
  ]
}
```
[status] FINISHED
PR: https://github.com/rvegajr/snippet-vault/pull/1

======================================================================
M1 done; remaining=5
======================================================================


======================================================================
iteration 2/8
======================================================================

run: run-dbd4c668-93a7-4659-8d94-91a25d6bf295
[status] CREATING
[status] RUNNING
[status] RUNNING
Re-deriving project state from disk, then implementing the next milestone.

[tool] read_file running
[tool] file_search running
[tool] run_terminal_cmd running  cd /workspace && git log --oneline -20 && echo "---" && git status && echo "-...
[tool] read_file running  /workspace/ROADMAP.md
[tool] file_search running
[tool] file_search completed
[tool] read_file completed  /workspace/ROADMAP.md
[tool] run_terminal_cmd completed  cd /workspace && git log --oneline -20 && echo "---" && git status && echo "-...
Working on M2: SQLite schema and snippet CRUD API. Reading the existing codebase to match conventions.

[tool] read_file running
[tool] read_file running
[tool] read_file running
[tool] read_file running
[tool] read_file running
[tool] read_file running  /workspace/src/server/app.ts
[tool] read_file running  /workspace/src/server/db/init.ts
[tool] read_file running  /workspace/package.json
[tool] read_file running  /workspace/tests/api/health.test.ts
[tool] read_file running  /workspace/SPEC.md
[tool] read_file completed  /workspace/tests/api/health.test.ts
[tool] read_file completed  /workspace/SPEC.md
[tool] read_file completed  /workspace/src/server/db/init.ts
[tool] read_file completed  /workspace/src/server/app.ts
[tool] read_file completed  /workspace/package.json
[tool] edit_file running
[tool] run_terminal_cmd running  cd /workspace && git checkout -b cursor/m2-snippet-crud-api-c301
[tool] edit_file running  /workspace/ROADMAP.md
[tool] edit_file running  /workspace/ROADMAP.md
[tool] run_terminal_cmd completed  cd /workspace && git checkout -b cursor/m2-snippet-crud-api-c301
[tool] edit_file completed  /workspace/ROADMAP.md
[tool] edit_file running
[tool] edit_file running
[tool] edit_file running
[tool] edit_file running
[tool] run_terminal_cmd running  cd /workspace && git add ROADMAP.md && git commit -m "chore(M2): mark snippet...
[tool] edit_file running  /workspace/src/server/types/snippet.ts
[tool] edit_file running  /workspace/src/server/db/init.ts
[tool] edit_file running  /workspace/src/server/db/snippets.ts
[tool] edit_file running  /workspace/src/server/routes/snippets.ts
[tool] edit_file running  /workspace/src/server/types/snippet.ts
[tool] edit_file running  /workspace/src/server/db/init.ts
[tool] edit_file running  /workspace/src/server/db/snippets.ts
[tool] edit_file running  /workspace/src/server/routes/snippets.ts
[tool] edit_file completed  /workspace/src/server/types/snippet.ts
[tool] edit_file completed  /workspace/src/server/db/init.ts
[tool] run_terminal_cmd completed  cd /workspace && git add ROADMAP.md && git commit -m "chore(M2): mark snippet...
[tool] edit_file completed  /workspace/src/server/routes/snippets.ts
[tool] edit_file completed  /workspace/src/server/db/snippets.ts
[tool] edit_file running
[tool] edit_file running
[tool] edit_file running
[tool] edit_file running
[tool] edit_file running
[tool] edit_file running
[tool] edit_file running
[tool] edit_file running  /workspace/src/server/app.ts
[tool] edit_file running  /workspace/src/server/routes/snippets.ts
[tool] edit_file running  /workspace/tests/helpers/test-app.ts
[tool] edit_file running  /workspace/tests/api/snippets.test.ts
[tool] edit_file running  /workspace/package.json
[tool] edit_file running  /workspace/src/server/app.ts
[tool] edit_file running  /workspace/src/server/routes/snippets.ts
[tool] edit_file running  /workspace/tests/helpers/test-app.ts
[tool] edit_file running  /workspace/package.json
[tool] edit_file running  /workspace/tests/api/snippets.test.ts
[tool] edit_file completed  /workspace/tests/helpers/test-app.ts
[tool] edit_file completed  /workspace/src/server/app.ts
[tool] edit_file completed  /workspace/package.json
[tool] edit_file completed  /workspace/src/server/routes/snippets.ts
[tool] edit_file completed  /workspace/tests/api/snippets.test.ts
[tool] edit_file running  /workspace/src/server/routes/snippets.ts
[tool] edit_file running  /workspace/src/server/routes/snippets.ts
[tool] edit_file completed  /workspace/src/server/routes/snippets.ts
[tool] edit_file running  /workspace/src/server/routes/snippets.ts
[tool] edit_file running  /workspace/src/server/routes/snippets.ts
[tool] edit_file completed  /workspace/src/server/routes/snippets.ts
[tool] run_terminal_cmd running  cd /workspace && npm install && npm run lint && npm run typecheck && npm test
[tool] run_terminal_cmd completed  cd /workspace && npm install && npm run lint && npm run typecheck && npm test
[tool] edit_file running
[tool] edit_file running
[tool] edit_file running
[tool] edit_file running  /workspace/src/server/app.ts
[tool] edit_file running  /workspace/src/server/routes/snippets.ts
[tool] edit_file running  /workspace/src/server/app.ts
[tool] edit_file running  /workspace/src/server/routes/snippets.ts
[tool] edit_file completed  /workspace/src/server/app.ts
[tool] edit_file completed  /workspace/src/server/routes/snippets.ts
[tool] edit_file running  /workspace/src/server/routes/snippets.ts
[tool] edit_file running  /workspace/src/server/routes/snippets.ts
[tool] edit_file completed  /workspace/src/server/routes/snippets.ts
[tool] run_terminal_cmd running  cd /workspace && npm run typecheck && npm test && npm run build
[tool] run_terminal_cmd completed  cd /workspace && npm run typecheck && npm test && npm run build
[tool] run_terminal_cmd running  cd /workspace && node dist/server/index.js & sleep 2 echo "GET /: $(curl -s -...
[tool] run_terminal_cmd running  cd /workspace && npm run lint
[tool] run_terminal_cmd completed  cd /workspace && npm run lint
[tool] run_terminal_cmd completed  cd /workspace && node dist/server/index.js & sleep 2 echo "GET /: $(curl -s -...
[tool] run_terminal_cmd running  pkill -f "dist/server/index.js" 2>/dev/null; sleep 1; cd /workspace && node d...
[tool] run_terminal_cmd completed  pkill -f "dist/server/index.js" 2>/dev/null; sleep 1; cd /workspace && node d...
[tool] run_terminal_cmd running  cd /workspace && lsof -i :3000 2>/dev/null || true; node dist/server/index.js...
[tool] run_terminal_cmd completed  cd /workspace && lsof -i :3000 2>/dev/null || true; node dist/server/index.js...
[tool] edit_file running
[tool] edit_file running  /workspace/ROADMAP.md
[tool] edit_file running  /workspace/ROADMAP.md
[tool] edit_file completed  /workspace/ROADMAP.md
[tool] run_terminal_cmd running  cd /workspace && git add -A && git status && git commit -m "feat(M2): add SQL...
[tool] run_terminal_cmd completed  cd /workspace && git add -A && git status && git commit -m "feat(M2): add SQL...
[tool] pr_management running
[tool] run_terminal_cmd running  cd /workspace && git push -u origin cursor/m2-snippet-crud-api-c301 && git st...
[tool] run_terminal_cmd completed  cd /workspace && git push -u origin cursor/m2-snippet-crud-api-c301 && git st...
[tool] run_terminal_cmd running  cd /workspace && git fetch origin && git log --oneline origin/main..origin/cu...
[tool] run_terminal_cmd completed  cd /workspace && git fetch origin && git log --oneline origin/main..origin/cu...
[tool] run_terminal_cmd running  cd /workspace && git log --oneline origin/main -10
[tool] run_terminal_cmd completed  cd /workspace && git log --oneline origin/main -10
[tool] pr_management running
M2 (SQLite schema and snippet CRUD API) is complete. Snippets now persist in `./data/snippets.db` with full REST endpoints under `/api/snippets`.

What was built:
- **Database**: `snippets` table with UUID primary keys, JSON-encoded tags, and ISO timestamps
- **API**: `GET/POST /api/snippets`, `GET/PUT/DELETE /api/snippets/:id` with Fastify JSON Schema validation
- **Tests**: 12 integration tests covering CRUD, 400/404 errors, and persistence across server restarts
- **Quality bar**: `lint`, `typecheck`, `test` (13 total), `build`, and `dev` all pass; `GET /api/snippets` returns `{"snippets":[]}` on empty DB

FTS5 search is deferred to M3 as planned.

```json
{
  "milestone_id": "M2",
  "milestone_title": "SQLite schema and snippet CRUD API",
  "completed": true,
  "remaining": 4,
  "blocked": false,
  "blocked_reason": null,
  "verification": [
    { "command": "npm install", "passed": true },
    { "command": "npm run lint", "passed": true },
    { "command": "npm run typecheck", "passed": true },
    { "command": "npm test", "passed": true },
    { "command": "npm run build", "passed": true },
    { "command": "npm run dev (GET /api/snippets)", "passed": true }
  ],
  "commits": [
    "chore(M2): mark snippet CRUD API in progress",
    "feat(M2): add SQLite snippet CRUD API"
  ]
}
```
[status] FINISHED
PR: https://github.com/rvegajr/snippet-vault/pull/1

======================================================================
M2 done; remaining=4
======================================================================


======================================================================
iteration 3/8
======================================================================

run: run-e3c06d78-8214-4368-9d9b-8426e3a337f5
[status] CREATING
[status] RUNNING
[status] RUNNING
Re-deriving project state from disk, then implementing the next milestone.

[tool] read_file running
[tool] read_file running
[tool] read_file running
[tool] read_file running
[tool] run_terminal_cmd running  cd /workspace && git log --oneline -20 && echo "---" && git status && echo "-...
[tool] read_file running  /workspace/ROADMAP.md
[tool] read_file running  /workspace/src/server/db/snippets.ts
[tool] read_file running  /workspace/src/server/db/init.ts
[tool] read_file running  /workspace/src/server/routes/snippets.ts
[tool] read_file completed  /workspace/src/server/db/init.ts
[tool] read_file completed  /workspace/src/server/routes/snippets.ts
[tool] read_file completed  /workspace/src/server/db/snippets.ts
[tool] read_file completed  /workspace/ROADMAP.md
[tool] run_terminal_cmd completed  cd /workspace && git log --oneline -20 && echo "---" && git status && echo "-...
Working on M3: Full-text search API — adding FTS5 schema, search logic, and tests.

[tool] read_file running
[tool] edit_file running
[tool] run_terminal_cmd running  cd /workspace && git checkout -b cursor/m3-full-text-search-c301
[tool] edit_file running  /workspace/ROADMAP.md
[tool] edit_file running  /workspace/ROADMAP.md
[tool] read_file running  /workspace/tests/helpers/test-app.ts
[tool] read_file completed  /workspace/tests/helpers/test-app.ts
[tool] run_terminal_cmd completed  cd /workspace && git checkout -b cursor/m3-full-text-search-c301
[tool] edit_file completed  /workspace/ROADMAP.md
[tool] edit_file running
[tool] edit_file running
[tool] edit_file running
[tool] edit_file running
[tool] run_terminal_cmd running  cd /workspace && git add ROADMAP.md && git commit -m "chore(M3): mark full-te...
[tool] edit_file running  /workspace/src/server/db/init.ts
[tool] edit_file running  /workspace/src/server/db/snippets.ts
[tool] edit_file running  /workspace/src/server/routes/snippets.ts
[tool] edit_file running  /workspace/tests/api/search.test.ts
[tool] edit_file running  /workspace/src/server/db/init.ts
[tool] edit_file running  /workspace/src/server/db/snippets.ts
[tool] edit_file running  /workspace/src/server/routes/snippets.ts
[tool] edit_file running  /workspace/tests/api/search.test.ts
[tool] edit_file completed  /workspace/src/server/db/init.ts
[tool] edit_file completed  /workspace/tests/api/search.test.ts
[tool] edit_file completed  /workspace/src/server/db/snippets.ts
[tool] edit_file completed  /workspace/src/server/routes/snippets.ts
[tool] run_terminal_cmd completed  cd /workspace && git add ROADMAP.md && git commit -m "chore(M3): mark full-te...
[tool] run_terminal_cmd running  cd /workspace && npm run lint && npm run typecheck && npm test
[tool] run_terminal_cmd completed  cd /workspace && npm run lint && npm run typecheck && npm test
[tool] run_terminal_cmd running  cd /workspace && node --input-type=module -e " import { initDb } from './src/...
[tool] run_terminal_cmd completed  cd /workspace && node --input-type=module -e " import { initDb } from './src/...
[tool] run_terminal_cmd running  cd /workspace && npx tsx -e " import { initDb } from './src/server/db/init.ts...
[tool] run_terminal_cmd completed  cd /workspace && npx tsx -e " import { initDb } from './src/server/db/init.ts...
The FTS query used an invalid alias — fixing the MATCH clause.

[tool] edit_file running
[tool] edit_file running  /workspace/src/server/db/snippets.ts
[tool] edit_file running  /workspace/src/server/db/snippets.ts
[tool] edit_file completed  /workspace/src/server/db/snippets.ts
[tool] run_terminal_cmd running  cd /workspace && npm test && npm run build
[tool] run_terminal_cmd completed  cd /workspace && npm test && npm run build
[tool] edit_file running
[tool] run_terminal_cmd running  cd /workspace && npm run lint && npm run typecheck && pkill -f "dist/server/i...
[tool] edit_file running  /workspace/ROADMAP.md
[tool] edit_file running  /workspace/ROADMAP.md
[tool] edit_file completed  /workspace/ROADMAP.md
[tool] run_terminal_cmd completed  cd /workspace && npm run lint && npm run typecheck && pkill -f "dist/server/i...
[tool] pr_management running
[tool] run_terminal_cmd running  cd /workspace && git add -A && git commit -m "feat(M3): add FTS5 full-text se...
[tool] run_terminal_cmd completed  cd /workspace && git add -A && git commit -m "feat(M3): add FTS5 full-text se...
[tool] pr_management running
M3 (Full-text search API) is complete. `GET /api/snippets?q=<term>` now filters across title, body, and tags using SQLite FTS5.

What was built:
- **FTS5 layer**: `snippets_fts` virtual table with insert/update/delete triggers keeping the index in sync
- **Tag indexing**: JSON tags flattened via `json_each` + `group_concat` at write time
- **Prefix search**: quoted terms with trailing `*` (e.g. `q=ids` matches "Extract ids from array")
- **Tests**: 6 search tests covering title, body, tag, no-match, ordering, and prefix search

All 19 tests pass along with the full quality bar.

```json
{
  "milestone_id": "M3",
  "milestone_title": "Full-text search API",
  "completed": true,
  "remaining": 3,
  "blocked": false,
  "blocked_reason": null,
  "verification": [
    { "command": "npm run lint", "passed": true },
    { "command": "npm run typecheck", "passed": true },
    { "command": "npm test", "passed": true },
    { "command": "npm run build", "passed": true }
  ],
  "commits": [
    "chore(M3): mark full-text search API in progress",
    "feat(M3): add FTS5 full-text search API"
  ]
}
```
[status] FINISHED
PR: https://github.com/rvegajr/snippet-vault/pull/1

======================================================================
M3 done; remaining=3
======================================================================


======================================================================
iteration 4/8
======================================================================

run: run-5634295c-de9b-4dcf-b025-6503e4319767
[status] CREATING
[status] RUNNING
[status] RUNNING
Re-deriving project state from disk, then implementing the next milestone.

[tool] read_file running
[tool] read_file running
[tool] read_file running
[tool] read_file running
[tool] run_terminal_cmd running  cd /workspace && git log --oneline -20 && echo "---" && git status && echo "-...
[tool] read_file running  /workspace/ROADMAP.md
[tool] read_file running  /workspace/src/client/index.html
[tool] read_file running  /workspace/src/client/main.ts
[tool] read_file running  /workspace/src/client/styles.css
[tool] read_file completed  /workspace/src/client/index.html
[tool] read_file completed  /workspace/src/client/main.ts
[tool] read_file completed  /workspace/src/client/styles.css
[tool] run_terminal_cmd completed  cd /workspace && git log --oneline -20 && echo "---" && git status && echo "-...
[tool] read_file completed  /workspace/ROADMAP.md
Working on M4: Snippet list and create/edit UI — reviewing tests and types, then building the UI.

[tool] read_file running
[tool] read_file running
[tool] edit_file running
[tool] run_terminal_cmd running  cd /workspace && git checkout -b cursor/m4-snippet-list-ui-c301
[tool] edit_file running  /workspace/ROADMAP.md
[tool] edit_file running  /workspace/ROADMAP.md
[tool] read_file running  /workspace/tests/api/health.test.ts
[tool] read_file running  /workspace/src/server/types/snippet.ts
[tool] read_file completed  /workspace/src/server/types/snippet.ts
[tool] read_file completed  /workspace/tests/api/health.test.ts
[tool] run_terminal_cmd completed  cd /workspace && git checkout -b cursor/m4-snippet-list-ui-c301
[tool] edit_file completed  /workspace/ROADMAP.md
[tool] edit_file running
[tool] edit_file running
[tool] edit_file running
[tool] edit_file running
[tool] run_terminal_cmd running  cd /workspace && git add ROADMAP.md && git commit -m "chore(M4): mark snippet...
[tool] edit_file running  /workspace/src/client/index.html
[tool] edit_file running  /workspace/src/client/main.ts
[tool] edit_file running  /workspace/src/client/styles.css
[tool] edit_file running  /workspace/tests/api/health.test.ts
[tool] edit_file running  /workspace/src/client/index.html
[tool] edit_file running  /workspace/src/client/styles.css
[tool] edit_file running  /workspace/tests/api/health.test.ts
[tool] edit_file running  /workspace/src/client/main.ts
[tool] edit_file completed  /workspace/tests/api/health.test.ts
[tool] edit_file completed  /workspace/src/client/styles.css
[tool] edit_file completed  /workspace/src/client/index.html
[tool] edit_file completed  /workspace/src/client/main.ts
[tool] run_terminal_cmd completed  cd /workspace && git add ROADMAP.md && git commit -m "chore(M4): mark snippet...
[tool] run_terminal_cmd running  cd /workspace && npm run lint && npm run typecheck && npm test && npm run build
[tool] run_terminal_cmd completed  cd /workspace && npm run lint && npm run typecheck && npm test && npm run build
[tool] edit_file running
[tool] run_terminal_cmd running  cd /workspace && pkill -f "dist/server/index.js" 2>/dev/null; sleep 1; node d...
[tool] edit_file running  /workspace/ROADMAP.md
[tool] edit_file running  /workspace/ROADMAP.md
[tool] run_terminal_cmd completed  cd /workspace && pkill -f "dist/server/index.js" 2>/dev/null; sleep 1; node d...
[tool] edit_file completed  /workspace/ROADMAP.md
[tool] run_terminal_cmd running  cd /workspace && node dist/server/index.js & sleep 2 curl -s -o /dev/null -w ...
[tool] run_terminal_cmd completed  cd /workspace && node dist/server/index.js & sleep 2 curl -s -o /dev/null -w ...
[tool] pr_management running
[tool] run_terminal_cmd running  cd /workspace && git add -A && git commit -m "feat(M4): add snippet list and ...
[tool] run_terminal_cmd completed  cd /workspace && git add -A && git commit -m "feat(M4): add snippet list and ...
[tool] pr_management running
M4 (Snippet list and create/edit UI) is complete. The browser now has a full snippet management interface built with vanilla TypeScript.

What was built:
- **List view** with an empty state ("No snippets yet…") when the database is empty
- **Create/edit form** for title, language, body, and comma-separated tags; POST/PUT to the API with automatic list refresh
- **Edit mode** via clicking a snippet card or the Edit button; Cancel returns to create mode
- **Delete** with a `confirm()` dialog before calling DELETE

Search and copy-to-clipboard are deferred to M5. All 19 tests pass.

```json
{
  "milestone_id": "M4",
  "milestone_title": "Snippet list and create/edit UI",
  "completed": true,
  "remaining": 2,
  "blocked": false,
  "blocked_reason": null,
  "verification": [
    { "command": "npm run lint", "passed": true },
    { "command": "npm run typecheck", "passed": true },
    { "command": "npm test", "passed": true },
    { "command": "npm run build", "passed": true },
    { "command": "npm run dev (GET / returns UI with snippet-list)", "passed": true }
  ],
  "commits": [
    "chore(M4): mark snippet list UI in progress",
    "feat(M4): add snippet list and create/edit UI"
  ]
}
```
[status] FINISHED
PR: https://github.com/rvegajr/snippet-vault/pull/1

======================================================================
M4 done; remaining=2
======================================================================


======================================================================
iteration 5/8
======================================================================

run: run-13a06b3c-d46d-40c6-832d-08e434806e09
[status] CREATING
[status] RUNNING
[status] RUNNING
Re-deriving project state from disk, then implementing the next milestone.

[tool] read_file running
[tool] read_file running
[tool] read_file running
[tool] run_terminal_cmd running  cd /workspace && git log --oneline -20 && echo "---" && git status
[tool] read_file running  /workspace/ROADMAP.md
[tool] read_file running  /workspace/src/client/main.ts
[tool] read_file running  /workspace/src/client/index.html
[tool] read_file completed  /workspace/src/client/index.html
[tool] run_terminal_cmd completed  cd /workspace && git log --oneline -20 && echo "---" && git status
[tool] read_file completed  /workspace/ROADMAP.md
[tool] read_file completed  /workspace/src/client/main.ts
Working on M5: Live search and copy-to-clipboard — adding a debounced search box and copy buttons to the UI.

[tool] edit_file running
[tool] read_file running
[tool] run_terminal_cmd running  cd /workspace && git checkout -b cursor/m5-live-search-copy-c301
[tool] edit_file running  /workspace/ROADMAP.md
[tool] edit_file running  /workspace/ROADMAP.md
[tool] read_file running  /workspace/tests/api/search.test.ts
[tool] read_file completed  /workspace/tests/api/search.test.ts
[tool] edit_file completed  /workspace/ROADMAP.md
[tool] run_terminal_cmd completed  cd /workspace && git checkout -b cursor/m5-live-search-copy-c301
[tool] edit_file running
[tool] edit_file running
[tool] edit_file running
[tool] edit_file running
[tool] edit_file running
[tool] edit_file running
[tool] run_terminal_cmd running  cd /workspace && git add ROADMAP.md && git commit -m "chore(M5): mark live se...
[tool] edit_file running  /workspace/src/client/index.html
[tool] edit_file running  /workspace/src/client/main.ts
[tool] edit_file running  /workspace/src/client/styles.css
[tool] edit_file running  /workspace/tests/api/search.test.ts
[tool] edit_file running  /workspace/tests/api/health.test.ts
[tool] edit_file running  /workspace/src/client/index.html
[tool] edit_file running  /workspace/src/client/styles.css
[tool] edit_file running  /workspace/tests/api/search.test.ts
[tool] edit_file running  /workspace/tests/api/health.test.ts
[tool] edit_file running  /workspace/src/client/main.ts
[tool] edit_file completed  /workspace/tests/api/health.test.ts
[tool] run_terminal_cmd completed  cd /workspace && git add ROADMAP.md && git commit -m "chore(M5): mark live se...
[tool] edit_file completed  /workspace/tests/api/search.test.ts
[tool] edit_file completed  /workspace/src/client/index.html
[tool] edit_file completed  /workspace/src/client/styles.css
[tool] edit_file completed  /workspace/src/client/main.ts
[tool] edit_file running  /workspace/src/client/styles.css
[tool] edit_file running  /workspace/src/client/styles.css
[tool] edit_file completed  /workspace/src/client/styles.css
[tool] run_terminal_cmd running  cd /workspace && npm run lint && npm run typecheck && npm test && npm run build
[tool] run_terminal_cmd completed  cd /workspace && npm run lint && npm run typecheck && npm test && npm run build
[tool] edit_file running
[tool] pr_management running
[tool] run_terminal_cmd running  cd /workspace && git add -A && git commit -m "feat(M5): add live search and c...
[tool] edit_file running  /workspace/ROADMAP.md
[tool] edit_file running  /workspace/ROADMAP.md
[tool] edit_file completed  /workspace/ROADMAP.md
[tool] run_terminal_cmd completed  cd /workspace && git add -A && git commit -m "feat(M5): add live search and c...
[tool] pr_management running
M5 (Live search and copy-to-clipboard) is complete. The UI now supports real-time filtering and one-click copying.

What was built:
- **Search box** with 200ms debounced requests to `/api/snippets?q=`
- **Clearing search** restores the full snippet list
- **Copy button** on every card using `navigator.clipboard.writeText`, with brief "Copied!" feedback
- **Empty states** split between "no snippets yet" and "no search matches"
- **Tests**: existing search API suite (renamed to document UI contract) plus health check verifying the search input is present

All 19 tests pass. One milestone remains: M6 (Polish and release readiness).

```json
{
  "milestone_id": "M5",
  "milestone_title": "Live search and copy-to-clipboard",
  "completed": true,
  "remaining": 1,
  "blocked": false,
  "blocked_reason": null,
  "verification": [
    { "command": "npm run lint", "passed": true },
    { "command": "npm run typecheck", "passed": true },
    { "command": "npm test", "passed": true },
    { "command": "npm run build", "passed": true }
  ],
  "commits": [
    "chore(M5): mark live search and copy in progress",
    "feat(M5): add live search and copy-to-clipboard"
  ]
}
```
[status] FINISHED
PR: https://github.com/rvegajr/snippet-vault/pull/1

======================================================================
M5 done; remaining=1
======================================================================


======================================================================
iteration 6/8
======================================================================

run: run-61a1d573-dec9-4639-bc6f-cf987f6afc97
[status] CREATING
[status] RUNNING
[status] RUNNING
Re-deriving project state from disk, then implementing M6 (Polish and release readiness).

[tool] read_file running
[tool] read_file running
[tool] read_file running
[tool] run_terminal_cmd running  cd /workspace && git log --oneline -20 && echo "---" && git status
[tool] read_file running  /workspace/ROADMAP.md
[tool] read_file running  /workspace/README.md
[tool] read_file running  /workspace/src/client/main.ts
[tool] read_file completed  /workspace/README.md
[tool] run_terminal_cmd completed  cd /workspace && git log --oneline -20 && echo "---" && git status
[tool] read_file completed  /workspace/ROADMAP.md
[tool] read_file completed  /workspace/src/client/main.ts
[tool] read_file running
[tool] read_file running
[tool] read_file running
[tool] read_file running  /workspace/src/server/app.ts
[tool] read_file running  /workspace/tests/api/snippets.test.ts
[tool] read_file running  /workspace/src/client/index.html
[tool] read_file completed  /workspace/tests/api/snippets.test.ts
[tool] read_file completed  /workspace/src/server/app.ts
[tool] read_file completed  /workspace/src/client/index.html
Working on M6: Polish and release readiness — hardening error handling, finalizing the README, and running fresh-clone verification.

[tool] edit_file running
[tool] run_terminal_cmd running  cd /workspace && git checkout -b cursor/m6-polish-release-c301
[tool] edit_file running  /workspace/ROADMAP.md
[tool] edit_file running  /workspace/ROADMAP.md
[tool] run_terminal_cmd completed  cd /workspace && git checkout -b cursor/m6-polish-release-c301
[tool] edit_file completed  /workspace/ROADMAP.md
[tool] edit_file running
[tool] edit_file running
[tool] edit_file running
[tool] edit_file running
[tool] edit_file running
[tool] edit_file running
[tool] edit_file running
[tool] edit_file running
[tool] edit_file running
[tool] edit_file running
[tool] edit_file running
[tool] edit_file running
[tool] edit_file running
[tool] edit_file running
[tool] edit_file running
[tool] edit_file running
[tool] run_terminal_cmd running  cd /workspace && git add ROADMAP.md && git commit -m "chore(M6): mark polish ...
[tool] edit_file running  /workspace/README.md
[tool] edit_file running  /workspace/src/client/index.html
[tool] edit_file running  /workspace/src/client/main.ts
[tool] edit_file running  /workspace/src/client/styles.css
[tool] edit_file running  /workspace/src/server/app.ts
[tool] edit_file running  /workspace/tests/api/snippets.test.ts
[tool] edit_file running  /workspace/README.md
[tool] edit_file running  /workspace/src/client/index.html
[tool] edit_file running  /workspace/src/client/main.ts
[tool] edit_file running  /workspace/src/client/styles.css
[tool] edit_file running  /workspace/src/server/app.ts
[tool] edit_file running  /workspace/tests/api/snippets.test.ts
[tool] edit_file completed  /workspace/src/server/app.ts
[tool] run_terminal_cmd completed  cd /workspace && git add ROADMAP.md && git commit -m "chore(M6): mark polish ...
[tool] edit_file completed  /workspace/src/client/main.ts
[tool] edit_file completed  /workspace/src/client/styles.css
[tool] edit_file completed  /workspace/README.md
[tool] edit_file completed  /workspace/src/client/index.html
[tool] edit_file completed  /workspace/tests/api/snippets.test.ts
[tool] edit_file running  /workspace/src/client/index.html
[tool] edit_file running  /workspace/src/client/main.ts
[tool] edit_file running  /workspace/src/client/index.html
[tool] edit_file running  /workspace/src/client/main.ts
[tool] edit_file completed  /workspace/src/client/main.ts
[tool] edit_file completed  /workspace/src/client/index.html
[tool] edit_file running  /workspace/src/client/main.ts
[tool] edit_file running  /workspace/src/client/main.ts
[tool] edit_file completed  /workspace/src/client/main.ts
[tool] edit_file running  /workspace/src/client/main.ts
[tool] edit_file running  /workspace/src/client/main.ts
[tool] edit_file completed  /workspace/src/client/main.ts
[tool] edit_file running  /workspace/src/client/main.ts
[tool] edit_file running  /workspace/src/client/main.ts
[tool] edit_file completed  /workspace/src/client/main.ts
[tool] edit_file running  /workspace/src/client/main.ts
[tool] edit_file running  /workspace/src/client/main.ts
[tool] edit_file completed  /workspace/src/client/main.ts
[tool] edit_file running  /workspace/src/client/main.ts
[tool] edit_file running  /workspace/src/client/main.ts
[tool] edit_file completed  /workspace/src/client/main.ts
[tool] edit_file running  /workspace/src/client/main.ts
[tool] edit_file running  /workspace/src/client/main.ts
[tool] edit_file completed  /workspace/src/client/main.ts
[tool] edit_file running  /workspace/src/client/main.ts
[tool] edit_file running  /workspace/src/server/app.ts
[tool] edit_file running  /workspace/src/client/main.ts
[tool] edit_file running  /workspace/src/server/app.ts
[tool] edit_file completed  /workspace/src/server/app.ts
[tool] edit_file completed  /workspace/src/client/main.ts
[tool] read_file running
[tool] read_file running  /workspace/tests/api/snippets.test.ts
[tool] read_file completed  /workspace/tests/api/snippets.test.ts
[tool] edit_file running
[tool] read_file running
[tool] edit_file running  /workspace/tests/api/snippets.test.ts
[tool] edit_file running  /workspace/tests/api/snippets.test.ts
[tool] read_file running  /workspace/tests/api/health.test.ts
[tool] read_file completed  /workspace/tests/api/health.test.ts
[tool] edit_file completed  /workspace/tests/api/snippets.test.ts
[tool] edit_file running
[tool] run_terminal_cmd running  cd /workspace && npm run lint && npm run typecheck && npm test && npm run build
[tool] edit_file running  /workspace/tests/api/health.test.ts
[tool] edit_file running  /workspace/tests/api/health.test.ts
[tool] edit_file completed  /workspace/tests/api/health.test.ts
[tool] run_terminal_cmd completed  cd /workspace && npm run lint && npm run typecheck && npm test && npm run build
[tool] run_terminal_cmd running  cd /workspace && pkill -f "dist/server/index.js" 2>/dev/null; sleep 1 rm -rf ...
[tool] run_terminal_cmd completed  cd /workspace && pkill -f "dist/server/index.js" 2>/dev/null; sleep 1 rm -rf ...
[tool] run_terminal_cmd running  cd /workspace && node dist/server/index.js & PID=$! sleep 2 curl -s -X POST h...
[tool] run_terminal_cmd completed  cd /workspace && node dist/server/index.js & PID=$! sleep 2 curl -s -X POST h...
[tool] edit_file running
[tool] pr_management running
[tool] run_terminal_cmd running  cd /workspace && git add -A && git commit -m "feat(M6): polish error states a...
[tool] edit_file running  /workspace/ROADMAP.md
[tool] edit_file running  /workspace/ROADMAP.md
[tool] edit_file completed  /workspace/ROADMAP.md
[tool] run_terminal_cmd completed  cd /workspace && git add -A && git commit -m "feat(M6): polish error states a...
[tool] pr_management running
[tool] run_terminal_cmd running  cd /workspace && git add ROADMAP.md && git commit -m "chore(M6): mark polish ...
[tool] run_terminal_cmd completed  cd /workspace && git add ROADMAP.md && git commit -m "chore(M6): mark polish ...
M6 (Polish and release readiness) is complete — this was the final v1 milestone. Snippet Vault is release-ready.

What was built:
- **README** expanded with description, Node 20+ prerequisites, all scripts, API docs, and the full example workflow from SPEC.md
- **Validation errors** return friendly messages like `Title is required.` in `{ "error": "..." }` format
- **UI error banners** replace browser alerts for save, load, and delete failures
- **Empty states** verified: "No snippets yet" on first load, "No snippets match your search" when filtering finds nothing
- **End-to-end verification**: create → search → validation error all confirmed via API; all 19 tests and the full quality bar pass

All six milestones are now done.

```json
{
  "milestone_id": "M6",
  "milestone_title": "Polish and release readiness",
  "completed": true,
  "remaining": 0,
  "blocked": false,
  "blocked_reason": null,
  "verification": [
    { "command": "npm run lint", "passed": true },
    { "command": "npm run typecheck", "passed": true },
    { "command": "npm test", "passed": true },
    { "command": "npm run build", "passed": true },
    { "command": "npm run dev (create + search + validation API)", "passed": true }
  ],
  "commits": [
    "chore(M6): mark polish and release readiness in progress",
    "feat(M6): polish error states and finalize README for v1",
    "chore(M6): mark polish and release readiness done"
  ]
}
```
[status] FINISHED
PR: https://github.com/rvegajr/snippet-vault/pull/1

======================================================================
M6 done; remaining=0
======================================================================


======================================================================
phase: finish
======================================================================

run: run-009d513d-6fcd-4a30-adf1-f19767f6f7e1
[status] CREATING
[status] RUNNING
[status] RUNNING
Running the release gate verification from a clean state.

[tool] read_file running
[tool] read_file running
[tool] read_file running
[tool] run_terminal_cmd running  cd /workspace && git status && echo "---" && git log --oneline -25 && echo "-...
[tool] read_file running  /workspace/ROADMAP.md
[tool] read_file running  /workspace/SPEC.md
[tool] read_file running  /workspace/README.md
[tool] read_file completed  /workspace/README.md
[tool] read_file completed  /workspace/SPEC.md
[tool] read_file completed  /workspace/ROADMAP.md
[tool] run_terminal_cmd completed  cd /workspace && git status && echo "---" && git log --oneline -25 && echo "-...
[tool] run_terminal_cmd running  rm -rf /tmp/verify && git clone /workspace /tmp/verify 2>&1
[tool] run_terminal_cmd completed  rm -rf /tmp/verify && git clone /workspace /tmp/verify 2>&1
[tool] run_terminal_cmd running  cd /tmp/verify && npm install && npm run lint && npm run typecheck && npm tes...
[tool] run_terminal_cmd completed  cd /tmp/verify && npm install && npm run lint && npm run typecheck && npm tes...
[tool] run_terminal_cmd running  cd /tmp/verify && node dist/server/index.js & PID=$! sleep 2 BASE=http://loca...
[tool] run_terminal_cmd completed  cd /tmp/verify && node dist/server/index.js & PID=$! sleep 2 BASE=http://loca...
Cleaning up port conflicts and re-running verification in an isolated fresh clone.

[tool] grep_search running
[tool] run_terminal_cmd running  pkill -f "dist/server/index.js" 2>/dev/null; pkill -f "node dist/server" 2>/d...
[tool] grep_search running  /workspace/src/client
[tool] grep_search completed  /workspace/src/client
[tool] run_terminal_cmd completed  pkill -f "dist/server/index.js" 2>/dev/null; pkill -f "node dist/server" 2>/d...
[tool] run_terminal_cmd running  cd /tmp/verify && rm -rf data && PORT=3002 node dist/server/index.js & PID=$!...
[tool] run_terminal_cmd completed  cd /tmp/verify && rm -rf data && PORT=3002 node dist/server/index.js & PID=$!...
Verification passed. Adding README sections for testing and known gaps, then committing.

[tool] edit_file running
[tool] edit_file running
[tool] run_terminal_cmd running  pkill -f "dist/server/index.js" 2>/dev/null || true
[tool] edit_file running  /workspace/README.md
[tool] edit_file running  /workspace/README.md
[tool] run_terminal_cmd completed  pkill -f "dist/server/index.js" 2>/dev/null || true
[tool] edit_file completed  /workspace/README.md
[tool] edit_file running  /workspace/README.md
[tool] edit_file running  /workspace/README.md
[tool] edit_file completed  /workspace/README.md
[tool] run_terminal_cmd running  cd /workspace && npm test && git add README.md && git commit -m "docs: add te...
[tool] run_terminal_cmd completed  cd /workspace && npm test && git add README.md && git commit -m "docs: add te...
Release gate passed. Snippet Vault v1 is complete and verified from a fresh clone.

**Git state:** Working tree clean. All six milestones have feat/chore commits on `cursor/m6-polish-release-c301` (M1–M6). Note: `main` still only has the initial docs commit — feature work lives on stacked PR branches (#1–#6) awaiting merge.

**Fresh-clone simulation:** `git clone /workspace /tmp/verify` → `npm install` → full quality bar green (19 tests). `npm run dev` returns 200.

**Core flows:** All seven SPEC flows verified via API and UI inspection (empty list, CRUD, live search, copy button in bundle, persistence across restart).

**Fix applied:** Added **Testing** and **Known gaps** sections to README (committed as `f9242e4`).

```json
{
  "complete": true,
  "summary": "Snippet Vault v1 passes fresh-clone install, full quality bar, and all seven core user flows; README updated with testing and known gaps.",
  "user_flows": [
    {
      "flow": "Start the app with one command, open localhost, see empty snippet list",
      "verified": true,
      "evidence": "Fresh clone on PORT=3002: GET / → 200, GET /api/snippets → {\"snippets\":[]}, HTML contains 'No snippets yet'"
    },
    {
      "flow": "Create a snippet with title, language, body, tags",
      "verified": true,
      "evidence": "POST /api/snippets returned 201 with UUID id for 'Extract ids from array'"
    },
    {
      "flow": "Edit an existing snippet and save changes",
      "verified": true,
      "evidence": "PUT /api/snippets/:id updated title to 'Extract ids (edited)' with new updatedAt"
    },
    {
      "flow": "Delete a snippet with confirmation",
      "verified": true,
      "evidence": "DELETE returned 204 then GET returned 404; UI uses window.confirm() in src/client/main.ts"
    },
    {
      "flow": "Search box filters results in real time across title, body, tags",
      "verified": true,
      "evidence": "GET /api/snippets?q=ids returned 1 matching snippet; empty query returns all"
    },
    {
      "flow": "Copy button copies snippet body to clipboard",
      "verified": true,
      "evidence": "dist/client/main.js contains navigator.clipboard.writeText and Copy button; GET /api/snippets/:id returns body text"
    },
    {
      "flow": "Snippets persist across server restart",
      "verified": true,
      "evidence": "Created 'Persist' snippet, killed server, restarted on PORT=3002, GET /api/snippets/:id returned title 'Persist'"
    }
  ],
  "quality_bar": [
    { "command": "npm install", "passed": true },
    { "command": "npm run lint", "passed": true },
    { "command": "npm run typecheck", "passed": true },
    { "command": "npm test", "passed": true },
    { "command": "npm run build", "passed": true },
    { "command": "npm run dev", "passed": true }
  ],
  "how_to_run": [
    "git clone https://github.com/rvegajr/snippet-vault.git",
    "cd snippet-vault",
    "npm install",
    "npm run dev"
  ],
  "known_gaps": [
    "No syntax highlighting",
    "No GitHub gist import or JSON export/import",
    "No keyboard-only navigation shortcuts",
    "Copy requires browser Clipboard API (localhost works)",
    "Desktop browser UI only",
    "Feature branches not yet merged to main"
  ]
}
```
[status] FINISHED
PR: https://github.com/rvegajr/snippet-vault/pull/1

======================================================================
RESULT: complete
======================================================================

stack:      Node.js 20+ / TypeScript / Fastify / better-sqlite3 (FTS5) / vanilla TS client (esbuild) / Vitest
iterations: 6
  [x] M1 Walking skeleton
  [x] M2 SQLite schema and snippet CRUD API
  [x] M3 Full-text search API
  [x] M4 Snippet list and create/edit UI
  [x] M5 Live search and copy-to-clipboard
  [x] M6 Polish and release readiness

Snippet Vault v1 passes fresh-clone install, full quality bar, and all seven core user flows; README updated with testing and known gaps.
run it:
  git clone https://github.com/rvegajr/snippet-vault.git
  cd snippet-vault
  npm install
  npm run dev
known gaps:
  - No syntax highlighting
  - No GitHub gist import or JSON export/import
  - No keyboard-only navigation shortcuts
  - Copy requires browser Clipboard API (localhost works)
  - Desktop browser UI only
  - Feature branches not yet merged to main
